// Jest Snapshot v1, https://goo.gl/fbAQLP

exports[`renders correctly 1`] = `
<div>
  <div
    aria-labelledby="error-summary-title"
    class="govuk-error-summary lbh-error-summary"
    role="alert"
  >
    <h2
      class="govuk-error-summary__title"
      id="error-summary-title"
    >
      You do not have permission to access this service.
    </h2>
    <div
      class="govuk-error-summary__body"
    >
      <ul
        class="govuk-list govuk-error-summary__list"
      >
        <li>
          <p>
            To request access please complete this form
            <a
              class="govuk-button lbh-button"
              href="https://docs.google.com/forms/d/e/1FAIpQLSdY3SZtpFhwgKG_P1ad6mLH-Jk3vVyFraSmbMzN_mVcciSC6w/viewform"
            >
              Request access
            </a>
          </p>
        </li>
      </ul>
    </div>
  </div>
</div>
`;
