// Jest Snapshot v1, https://goo.gl/fbAQLP

exports[`renders correctly 1`] = `
<div>
  <button
    class="govuk-button lbh-button"
    type="button"
  >
    Sign in using Hackney.gov.uk
  </button>
</div>
`;
